=== nodes: nid[006856,007195]  sweeps: 10  burst: 10 ===
0: rank map: ['nid006856:g0', 'nid006856:g1', 'nid006856:g2', 'nid006856:g3', 'nid007195:g0', 'nid007195:g1', 'nid007195:g2', 'nid007195:g3']
0: burst = 10 x 64 MiB back-to-back, one sync; 10 reps
0: /usr/local/lib/python3.12/dist-packages/torch/distributed/c10d_logger.py:83: UserWarning: barrier(): using the device under current context. You can specify `device_id` in `init_process_group` to mute this warning.
0:   return func(*args, **kwargs)
0: /usr/local/lib/python3.12/dist-packages/torch/distributed/c10d_logger.py:83: FutureWarning: `torch.distributed.all_gather_into_tensor` is deprecated. Please use `torch.distributed.all_gather_single` instead.
0:   return func(*args, **kwargs)
3: /usr/local/lib/python3.12/dist-packages/torch/distributed/c10d_logger.py:83: FutureWarning: `torch.distributed.all_gather_into_tensor` is deprecated. Please use `torch.distributed.all_gather_single` instead.
3:   return func(*args, **kwargs)
1: /usr/local/lib/python3.12/dist-packages/torch/distributed/c10d_logger.py:83: FutureWarning: `torch.distributed.all_gather_into_tensor` is deprecated. Please use `torch.distributed.all_gather_single` instead.
1:   return func(*args, **kwargs)
2: /usr/local/lib/python3.12/dist-packages/torch/distributed/c10d_logger.py:83: FutureWarning: `torch.distributed.all_gather_into_tensor` is deprecated. Please use `torch.distributed.all_gather_single` instead.
2:   return func(*args, **kwargs)
0: /usr/local/lib/python3.12/dist-packages/torch/distributed/c10d_logger.py:83: FutureWarning: `torch.distributed.reduce_scatter_tensor` is deprecated. Please use `torch.distributed.reduce_scatter_single` instead.
0:   return func(*args, **kwargs)
1: /usr/local/lib/python3.12/dist-packages/torch/distributed/c10d_logger.py:83: FutureWarning: `torch.distributed.reduce_scatter_tensor` is deprecated. Please use `torch.distributed.reduce_scatter_single` instead.
1:   return func(*args, **kwargs)
3: /usr/local/lib/python3.12/dist-packages/torch/distributed/c10d_logger.py:83: FutureWarning: `torch.distributed.reduce_scatter_tensor` is deprecated. Please use `torch.distributed.reduce_scatter_single` instead.
3:   return func(*args, **kwargs)
2: /usr/local/lib/python3.12/dist-packages/torch/distributed/c10d_logger.py:83: FutureWarning: `torch.distributed.reduce_scatter_tensor` is deprecated. Please use `torch.distributed.reduce_scatter_single` instead.
2:   return func(*args, **kwargs)
4: /usr/local/lib/python3.12/dist-packages/torch/distributed/c10d_logger.py:83: FutureWarning: `torch.distributed.all_gather_into_tensor` is deprecated. Please use `torch.distributed.all_gather_single` instead.
4:   return func(*args, **kwargs)
5: /usr/local/lib/python3.12/dist-packages/torch/distributed/c10d_logger.py:83: FutureWarning: `torch.distributed.all_gather_into_tensor` is deprecated. Please use `torch.distributed.all_gather_single` instead.
5:   return func(*args, **kwargs)
6: /usr/local/lib/python3.12/dist-packages/torch/distributed/c10d_logger.py:83: FutureWarning: `torch.distributed.all_gather_into_tensor` is deprecated. Please use `torch.distributed.all_gather_single` instead.
6:   return func(*args, **kwargs)
7: /usr/local/lib/python3.12/dist-packages/torch/distributed/c10d_logger.py:83: FutureWarning: `torch.distributed.all_gather_into_tensor` is deprecated. Please use `torch.distributed.all_gather_single` instead.
7:   return func(*args, **kwargs)
4: /usr/local/lib/python3.12/dist-packages/torch/distributed/c10d_logger.py:83: FutureWarning: `torch.distributed.reduce_scatter_tensor` is deprecated. Please use `torch.distributed.reduce_scatter_single` instead.
4:   return func(*args, **kwargs)
5: /usr/local/lib/python3.12/dist-packages/torch/distributed/c10d_logger.py:83: FutureWarning: `torch.distributed.reduce_scatter_tensor` is deprecated. Please use `torch.distributed.reduce_scatter_single` instead.
5:   return func(*args, **kwargs)
6: /usr/local/lib/python3.12/dist-packages/torch/distributed/c10d_logger.py:83: FutureWarning: `torch.distributed.reduce_scatter_tensor` is deprecated. Please use `torch.distributed.reduce_scatter_single` instead.
6:   return func(*args, **kwargs)
7: /usr/local/lib/python3.12/dist-packages/torch/distributed/c10d_logger.py:83: FutureWarning: `torch.distributed.reduce_scatter_tensor` is deprecated. Please use `torch.distributed.reduce_scatter_single` instead.
7:   return func(*args, **kwargs)
0: sweep 1/10 done
0: sweep 2/10 done
0: sweep 3/10 done
0: sweep 4/10 done
0: sweep 5/10 done
0: sweep 6/10 done
0: sweep 7/10 done
0: sweep 8/10 done
0: sweep 9/10 done
0: sweep 10/10 done
0: 
0: phase         group              collective      ms mean   ms max  bw mean  bw std   bw min
0: burst         all-node (8)       allgather          7.31     8.43    80.68    5.43    69.68
0: burst         all-node (8)       allreduce         16.11    19.02    74.64   12.57    61.75
0: burst         all-node (8)       reducescatter      6.97     7.23    84.28    1.06    81.27
0: burst         intra nid006856    allgather          1.96     1.97   257.08    1.03   255.72
0: burst         intra nid006856    allreduce          3.39     3.59   296.88    5.98   280.18
0: burst         intra nid006856    reducescatter      1.96     1.97   256.81    1.10   255.20
0: burst         intra nid007195    allgather          3.13     9.79   218.78   79.35    51.42  <-- FLAG
0: burst         intra nid007195    allreduce          4.21     9.91   267.76   66.54   101.57  <-- FLAG
0: burst         intra nid007195    reducescatter      1.97     2.04   256.10    4.58   246.81
0: simultaneous  intra nid006856    allgather          1.96     1.97   257.11    1.09   255.68
0: simultaneous  intra nid006856    allreduce          3.39     3.42   297.36    2.10   294.51
0: simultaneous  intra nid006856    reducescatter      1.96     1.98   256.62    1.89   253.83
0: simultaneous  intra nid007195    allgather          1.97     2.03   256.14    3.23   248.36
0: simultaneous  intra nid007195    allreduce          4.87    16.72   264.67   77.25    60.19  <-- FLAG
0: simultaneous  intra nid007195    reducescatter      1.96     1.97   257.15    1.42   254.87
0: 
0: flagged metrics (all busbw samples):
0:   burst/intra nid007195/allgather: 248.0 257.4 257.6 255.2 257.7 259.5 257.1 51.4 256.9 86.9
0:   burst/intra nid007195/allreduce: 297.1 297.2 298.2 299.3 297.3 298.8 295.7 196.0 296.3 101.6
0:   simultaneous/intra nid007195/allreduce: 60.2 297.8 298.8 299.1 297.5 298.9 297.5 207.5 289.9 299.6
0: BURST_REP_COMPLETE
DONE: nid[006856,007195]
