=== nodes: nid[006857,007437]  sweeps: 10  burst: 10 ===
0: rank map: ['nid006857:g0', 'nid006857:g1', 'nid006857:g2', 'nid006857:g3', 'nid007437:g0', 'nid007437:g1', 'nid007437:g2', 'nid007437:g3']
0: burst = 10 x 64 MiB back-to-back, one sync; 10 reps
0: /usr/local/lib/python3.12/dist-packages/torch/distributed/c10d_logger.py:83: UserWarning: barrier(): using the device under current context. You can specify `device_id` in `init_process_group` to mute this warning.
0:   return func(*args, **kwargs)
0: /usr/local/lib/python3.12/dist-packages/torch/distributed/c10d_logger.py:83: FutureWarning: `torch.distributed.all_gather_into_tensor` is deprecated. Please use `torch.distributed.all_gather_single` instead.
0:   return func(*args, **kwargs)
3: /usr/local/lib/python3.12/dist-packages/torch/distributed/c10d_logger.py:83: FutureWarning: `torch.distributed.all_gather_into_tensor` is deprecated. Please use `torch.distributed.all_gather_single` instead.
3:   return func(*args, **kwargs)
1: /usr/local/lib/python3.12/dist-packages/torch/distributed/c10d_logger.py:83: FutureWarning: `torch.distributed.all_gather_into_tensor` is deprecated. Please use `torch.distributed.all_gather_single` instead.
1:   return func(*args, **kwargs)
2: /usr/local/lib/python3.12/dist-packages/torch/distributed/c10d_logger.py:83: FutureWarning: `torch.distributed.all_gather_into_tensor` is deprecated. Please use `torch.distributed.all_gather_single` instead.
2:   return func(*args, **kwargs)
0: /usr/local/lib/python3.12/dist-packages/torch/distributed/c10d_logger.py:83: FutureWarning: `torch.distributed.reduce_scatter_tensor` is deprecated. Please use `torch.distributed.reduce_scatter_single` instead.
0:   return func(*args, **kwargs)
1: /usr/local/lib/python3.12/dist-packages/torch/distributed/c10d_logger.py:83: FutureWarning: `torch.distributed.reduce_scatter_tensor` is deprecated. Please use `torch.distributed.reduce_scatter_single` instead.
1:   return func(*args, **kwargs)
2: /usr/local/lib/python3.12/dist-packages/torch/distributed/c10d_logger.py:83: FutureWarning: `torch.distributed.reduce_scatter_tensor` is deprecated. Please use `torch.distributed.reduce_scatter_single` instead.
2:   return func(*args, **kwargs)
3: /usr/local/lib/python3.12/dist-packages/torch/distributed/c10d_logger.py:83: FutureWarning: `torch.distributed.reduce_scatter_tensor` is deprecated. Please use `torch.distributed.reduce_scatter_single` instead.
3:   return func(*args, **kwargs)
4: /usr/local/lib/python3.12/dist-packages/torch/distributed/c10d_logger.py:83: FutureWarning: `torch.distributed.all_gather_into_tensor` is deprecated. Please use `torch.distributed.all_gather_single` instead.
4:   return func(*args, **kwargs)
7: /usr/local/lib/python3.12/dist-packages/torch/distributed/c10d_logger.py:83: FutureWarning: `torch.distributed.all_gather_into_tensor` is deprecated. Please use `torch.distributed.all_gather_single` instead.
7:   return func(*args, **kwargs)
5: /usr/local/lib/python3.12/dist-packages/torch/distributed/c10d_logger.py:83: FutureWarning: `torch.distributed.all_gather_into_tensor` is deprecated. Please use `torch.distributed.all_gather_single` instead.
5:   return func(*args, **kwargs)
6: /usr/local/lib/python3.12/dist-packages/torch/distributed/c10d_logger.py:83: FutureWarning: `torch.distributed.all_gather_into_tensor` is deprecated. Please use `torch.distributed.all_gather_single` instead.
6:   return func(*args, **kwargs)
4: /usr/local/lib/python3.12/dist-packages/torch/distributed/c10d_logger.py:83: FutureWarning: `torch.distributed.reduce_scatter_tensor` is deprecated. Please use `torch.distributed.reduce_scatter_single` instead.
4:   return func(*args, **kwargs)
5: /usr/local/lib/python3.12/dist-packages/torch/distributed/c10d_logger.py:83: FutureWarning: `torch.distributed.reduce_scatter_tensor` is deprecated. Please use `torch.distributed.reduce_scatter_single` instead.
5:   return func(*args, **kwargs)
6: /usr/local/lib/python3.12/dist-packages/torch/distributed/c10d_logger.py:83: FutureWarning: `torch.distributed.reduce_scatter_tensor` is deprecated. Please use `torch.distributed.reduce_scatter_single` instead.
6:   return func(*args, **kwargs)
7: /usr/local/lib/python3.12/dist-packages/torch/distributed/c10d_logger.py:83: FutureWarning: `torch.distributed.reduce_scatter_tensor` is deprecated. Please use `torch.distributed.reduce_scatter_single` instead.
7:   return func(*args, **kwargs)
0: sweep 1/10 done
0: sweep 2/10 done
0: sweep 3/10 done
0: sweep 4/10 done
0: sweep 5/10 done
0: sweep 6/10 done
0: sweep 7/10 done
0: sweep 8/10 done
0: sweep 9/10 done
0: sweep 10/10 done
0: 
0: phase         group              collective      ms mean   ms max  bw mean  bw std   bw min
0: burst         all-node (8)       allgather          6.93     6.94    84.76    0.08    84.62
0: burst         all-node (8)       allreduce         12.09    12.13    97.18    0.21    96.85
0: burst         all-node (8)       reducescatter      6.90     6.91    85.12    0.08    85.00
0: burst         intra nid006857    allgather          1.96     1.97   257.38    1.30   255.15
0: burst         intra nid006857    allreduce          3.48     3.67   289.70    5.72   273.98
0: burst         intra nid006857    reducescatter      1.98     1.99   254.44    1.55   252.43
0: burst         intra nid007437    allgather          1.97     1.99   255.89    1.78   253.00
0: burst         intra nid007437    allreduce          3.49     3.64   288.41    4.33   276.69
0: burst         intra nid007437    reducescatter      1.98     2.00   254.53    1.35   251.61
0: simultaneous  intra nid006857    allgather          1.95     1.97   257.64    1.47   255.17
0: simultaneous  intra nid006857    allreduce          3.54     3.86   284.69   12.22   260.91
0: simultaneous  intra nid006857    reducescatter      1.97     1.99   255.42    1.38   252.67
0: simultaneous  intra nid007437    allgather          1.97     1.99   255.39    1.35   253.27
0: simultaneous  intra nid007437    allreduce          3.48     3.55   289.61    2.56   283.65
0: simultaneous  intra nid007437    reducescatter      1.98     2.01   254.17    1.69   250.48
0: 
0: flagged metrics (all busbw samples):
0:   none
0: BURST_REP_COMPLETE
DONE: nid[006857,007437]
