nodes : nid[006857,007195]
sweeps: 30 x 64 MiB
compiling /iopsstor/scratch/cscs/mvasilev/nccl_raw_collrep in-container...
compiled OK
0: raw NCCL probe: 8 ranks (4/node), 64 MiB/rank, 30 sweeps
0: S intra nid006857 allgather      1   230.79 GB/s
0: S intra nid006857 allreduce      1   301.24 GB/s
0: S intra nid006857 reducescatter  1   287.99 GB/s
4: S intra nid007195 allgather      1   231.05 GB/s
4: S intra nid007195 allreduce      1   289.03 GB/s
4: S intra nid007195 reducescatter  1   295.44 GB/s
0: S world nid006857 allgather      1     1.41 GB/s
0: S world nid006857 allreduce      1    84.06 GB/s
0: S world nid006857 reducescatter  1    90.87 GB/s
0: S intra nid006857 allgather      2   289.22 GB/s
0: S intra nid006857 allreduce      2   295.30 GB/s
4: S intra nid007195 allgather      2   288.77 GB/s
4: S intra nid007195 allreduce      2   301.67 GB/s
0: S intra nid006857 reducescatter  2   291.94 GB/s
4: S intra nid007195 reducescatter  2   292.88 GB/s
0: S world nid006857 allgather      2    91.06 GB/s
0: S world nid006857 allreduce      2    91.88 GB/s
0: S world nid006857 reducescatter  2    91.44 GB/s
0: S intra nid006857 allgather      3   294.62 GB/s
4: S intra nid007195 allgather      3   294.98 GB/s
0: S intra nid006857 allreduce      3   292.28 GB/s
4: S intra nid007195 allreduce      3   294.97 GB/s
0: S intra nid006857 reducescatter  3   289.48 GB/s
4: S intra nid007195 reducescatter  3   292.34 GB/s
0: S world nid006857 allgather      3    91.24 GB/s
0: S world nid006857 allreduce      3    94.78 GB/s
0: S world nid006857 reducescatter  3    91.46 GB/s
0: S intra nid006857 allgather      4   291.05 GB/s
4: S intra nid007195 allgather      4   298.03 GB/s
0: S intra nid006857 allreduce      4   301.79 GB/s
4: S intra nid007195 allreduce      4   299.18 GB/s
0: S intra nid006857 reducescatter  4   294.64 GB/s
4: S intra nid007195 reducescatter  4   293.59 GB/s
0: S world nid006857 allgather      4    91.20 GB/s
0: S world nid006857 allreduce      4    93.67 GB/s
0: S world nid006857 reducescatter  4    91.13 GB/s
0: S intra nid006857 allgather      5   291.11 GB/s
4: S intra nid007195 allgather      5   295.20 GB/s
0: S intra nid006857 allreduce      5   297.45 GB/s
4: S intra nid007195 allreduce      5   303.39 GB/s
0: S intra nid006857 reducescatter  5   291.17 GB/s
4: S intra nid007195 reducescatter  5   295.79 GB/s
0: S world nid006857 allgather      5    91.28 GB/s
0: S world nid006857 allreduce      5    95.21 GB/s
0: S world nid006857 reducescatter  5    91.50 GB/s
0: S intra nid006857 allgather      6   290.13 GB/s
4: S intra nid007195 allgather      6   297.82 GB/s
0: S intra nid006857 allreduce      6   294.75 GB/s
4: S intra nid007195 allreduce      6   297.37 GB/s
0: S intra nid006857 reducescatter  6   290.72 GB/s
4: S intra nid007195 reducescatter  6   295.05 GB/s
0: S world nid006857 allgather      6    91.26 GB/s
0: S world nid006857 allreduce      6    93.38 GB/s
0: S world nid006857 reducescatter  6    91.54 GB/s
0: S intra nid006857 allgather      7   293.62 GB/s
4: S intra nid007195 allgather      7   297.49 GB/s
0: S intra nid006857 allreduce      7   295.02 GB/s
4: S intra nid007195 allreduce      7   300.03 GB/s
0: S intra nid006857 reducescatter  7   285.62 GB/s
4: S intra nid007195 reducescatter  7   295.06 GB/s
0: S world nid006857 allgather      7    91.24 GB/s
0: S world nid006857 allreduce      7    95.13 GB/s
0: S world nid006857 reducescatter  7    91.53 GB/s
0: S intra nid006857 allgather      8   292.15 GB/s
4: S intra nid007195 allgather      8   293.55 GB/s
0: S intra nid006857 allreduce      8   293.62 GB/s
4: S intra nid007195 allreduce      8   297.99 GB/s
0: S intra nid006857 reducescatter  8   293.19 GB/s
4: S intra nid007195 reducescatter  8   294.32 GB/s
0: S world nid006857 allgather      8    91.22 GB/s
0: S world nid006857 allreduce      8    94.51 GB/s
0: S world nid006857 reducescatter  8    91.52 GB/s
0: S intra nid006857 allgather      9   294.03 GB/s
4: S intra nid007195 allgather      9   292.58 GB/s
0: S intra nid006857 allreduce      9   290.18 GB/s
4: S intra nid007195 allreduce      9   299.06 GB/s
0: S intra nid006857 reducescatter  9   291.71 GB/s
4: S intra nid007195 reducescatter  9   294.64 GB/s
0: S world nid006857 allgather      9    91.21 GB/s
0: S world nid006857 allreduce      9    95.34 GB/s
0: S world nid006857 reducescatter  9    91.51 GB/s
0: S intra nid006857 allgather     10   292.95 GB/s
4: S intra nid007195 allgather     10   293.81 GB/s
0: S intra nid006857 allreduce     10   292.75 GB/s
4: S intra nid007195 allreduce     10   303.27 GB/s
0: S intra nid006857 reducescatter 10   290.51 GB/s
4: S intra nid007195 reducescatter 10   295.08 GB/s
0: S world nid006857 allgather     10    91.17 GB/s
0: S world nid006857 allreduce     10    95.26 GB/s
0: S world nid006857 reducescatter 10    91.50 GB/s
0: S intra nid006857 allgather     11   295.59 GB/s
4: S intra nid007195 allgather     11   292.57 GB/s
0: S intra nid006857 allreduce     11   296.47 GB/s
4: S intra nid007195 allreduce     11   299.63 GB/s
0: S intra nid006857 reducescatter 11   293.07 GB/s
4: S intra nid007195 reducescatter 11   293.04 GB/s
0: S world nid006857 allgather     11    91.06 GB/s
0: S world nid006857 allreduce     11    93.92 GB/s
0: S world nid006857 reducescatter 11    91.50 GB/s
0: S intra nid006857 allgather     12   296.57 GB/s
4: S intra nid007195 allgather     12   299.28 GB/s
0: S intra nid006857 allreduce     12   295.27 GB/s
4: S intra nid007195 allreduce     12   302.08 GB/s
0: S intra nid006857 reducescatter 12   293.29 GB/s
4: S intra nid007195 reducescatter 12   294.51 GB/s
0: S world nid006857 allgather     12    91.17 GB/s
0: S world nid006857 allreduce     12    94.09 GB/s
0: S world nid006857 reducescatter 12    91.51 GB/s
0: S intra nid006857 allgather     13   289.86 GB/s
4: S intra nid007195 allgather     13   294.72 GB/s
0: S intra nid006857 allreduce     13   294.11 GB/s
4: S intra nid007195 allreduce     13   303.48 GB/s
0: S intra nid006857 reducescatter 13   289.31 GB/s
4: S intra nid007195 reducescatter 13   283.82 GB/s
0: S world nid006857 allgather     13    91.24 GB/s
0: S world nid006857 allreduce     13    95.25 GB/s
0: S world nid006857 reducescatter 13    91.50 GB/s
0: S intra nid006857 allgather     14   295.97 GB/s
4: S intra nid007195 allgather     14   289.99 GB/s
0: S intra nid006857 allreduce     14   300.20 GB/s
4: S intra nid007195 allreduce     14   295.72 GB/s
0: S intra nid006857 reducescatter 14   292.20 GB/s
4: S intra nid007195 reducescatter 14   293.26 GB/s
0: S world nid006857 allgather     14    91.22 GB/s
0: S world nid006857 allreduce     14    94.26 GB/s
0: S world nid006857 reducescatter 14    91.52 GB/s
0: S intra nid006857 allgather     15   292.49 GB/s
4: S intra nid007195 allgather     15   296.95 GB/s
0: S intra nid006857 allreduce     15   289.67 GB/s
4: S intra nid007195 allreduce     15   289.62 GB/s
0: S intra nid006857 reducescatter 15   290.05 GB/s
4: S intra nid007195 reducescatter 15   296.47 GB/s
0: S world nid006857 allgather     15    91.25 GB/s
0: S world nid006857 allreduce     15    95.23 GB/s
0: S world nid006857 reducescatter 15    91.48 GB/s
0: S intra nid006857 allgather     16   290.74 GB/s
4: S intra nid007195 allgather     16   294.66 GB/s
0: S intra nid006857 allreduce     16   290.07 GB/s
4: S intra nid007195 allreduce     16   297.59 GB/s
0: S intra nid006857 reducescatter 16   290.80 GB/s
4: S intra nid007195 reducescatter 16   196.22 GB/s
0: S world nid006857 allgather     16    60.71 GB/s
0: S world nid006857 allreduce     16    54.04 GB/s
0: S world nid006857 reducescatter 16    83.79 GB/s
0: S intra nid006857 allgather     17   291.63 GB/s
4: S intra nid007195 allgather     17   294.61 GB/s
0: S intra nid006857 allreduce     17   299.66 GB/s
4: S intra nid007195 allreduce     17   300.84 GB/s
0: S intra nid006857 reducescatter 17   290.39 GB/s
4: S intra nid007195 reducescatter 17   295.63 GB/s
0: S world nid006857 allgather     17    74.40 GB/s
0: S world nid006857 allreduce     17    78.20 GB/s
0: S world nid006857 reducescatter 17    91.39 GB/s
0: S intra nid006857 allgather     18   293.50 GB/s
4: S intra nid007195 allgather     18   294.95 GB/s
0: S intra nid006857 allreduce     18   293.56 GB/s
4: S intra nid007195 allreduce     18   299.57 GB/s
0: S intra nid006857 reducescatter 18   293.04 GB/s
4: S intra nid007195 reducescatter 18   296.72 GB/s
0: S world nid006857 allgather     18    91.20 GB/s
0: S world nid006857 allreduce     18    94.45 GB/s
0: S world nid006857 reducescatter 18    91.50 GB/s
0: S intra nid006857 allgather     19   295.27 GB/s
4: S intra nid007195 allgather     19   296.89 GB/s
0: S intra nid006857 allreduce     19   289.81 GB/s
4: S intra nid007195 allreduce     19   295.22 GB/s
0: S intra nid006857 reducescatter 19   293.99 GB/s
4: S intra nid007195 reducescatter 19   294.07 GB/s
0: S world nid006857 allgather     19    91.25 GB/s
0: S world nid006857 allreduce     19    95.38 GB/s
0: S world nid006857 reducescatter 19    91.50 GB/s
0: S intra nid006857 allgather     20   296.06 GB/s
4: S intra nid007195 allgather     20   297.94 GB/s
0: S intra nid006857 allreduce     20   298.16 GB/s
4: S intra nid007195 allreduce     20   302.98 GB/s
0: S intra nid006857 reducescatter 20   293.71 GB/s
4: S intra nid007195 reducescatter 20   296.82 GB/s
0: S world nid006857 allgather     20    91.25 GB/s
0: S world nid006857 allreduce     20    95.01 GB/s
0: S world nid006857 reducescatter 20    91.50 GB/s
0: S intra nid006857 allgather     21   291.16 GB/s
4: S intra nid007195 allgather     21   295.51 GB/s
0: S intra nid006857 allreduce     21   298.50 GB/s
4: S intra nid007195 allreduce     21   299.23 GB/s
0: S intra nid006857 reducescatter 21   289.31 GB/s
4: S intra nid007195 reducescatter 21   295.30 GB/s
0: S world nid006857 allgather     21    91.25 GB/s
0: S world nid006857 allreduce     21    47.03 GB/s
0: S world nid006857 reducescatter 21    60.39 GB/s
0: S intra nid006857 allgather     22   294.65 GB/s
4: S intra nid007195 allgather     22   296.85 GB/s
0: S intra nid006857 allreduce     22   291.85 GB/s
4: S intra nid007195 allreduce     22   294.11 GB/s
0: S intra nid006857 reducescatter 22   293.15 GB/s
4: S intra nid007195 reducescatter 22   295.00 GB/s
0: S world nid006857 allgather     22    91.22 GB/s
0: S world nid006857 allreduce     22    93.49 GB/s
0: S world nid006857 reducescatter 22    91.47 GB/s
0: S intra nid006857 allgather     23   295.11 GB/s
4: S intra nid007195 allgather     23   293.87 GB/s
0: S intra nid006857 allreduce     23   295.44 GB/s
4: S intra nid007195 allreduce     23   293.59 GB/s
0: S intra nid006857 reducescatter 23   287.25 GB/s
4: S intra nid007195 reducescatter 23   293.76 GB/s
0: S world nid006857 allgather     23    91.27 GB/s
0: S world nid006857 allreduce     23    94.96 GB/s
0: S world nid006857 reducescatter 23    91.50 GB/s
0: S intra nid006857 allgather     24   295.72 GB/s
4: S intra nid007195 allgather     24   294.98 GB/s
0: S intra nid006857 allreduce     24   288.03 GB/s
4: S intra nid007195 allreduce     24   299.49 GB/s
0: S intra nid006857 reducescatter 24   291.02 GB/s
4: S intra nid007195 reducescatter 24   292.53 GB/s
0: S world nid006857 allgather     24    91.20 GB/s
0: S world nid006857 allreduce     24    94.21 GB/s
0: S world nid006857 reducescatter 24    91.47 GB/s
0: S intra nid006857 allgather     25   294.43 GB/s
4: S intra nid007195 allgather     25   294.53 GB/s
0: S intra nid006857 allreduce     25   300.00 GB/s
4: S intra nid007195 allreduce     25   302.02 GB/s
0: S intra nid006857 reducescatter 25   291.13 GB/s
4: S intra nid007195 reducescatter 25   295.06 GB/s
0: S world nid006857 allgather     25    91.27 GB/s
0: S world nid006857 allreduce     25    94.34 GB/s
0: S world nid006857 reducescatter 25    91.56 GB/s
0: S intra nid006857 allgather     26   296.25 GB/s
4: S intra nid007195 allgather     26   295.66 GB/s
0: S intra nid006857 allreduce     26   295.33 GB/s
4: S intra nid007195 allreduce     26   302.63 GB/s
0: S intra nid006857 reducescatter 26   291.02 GB/s
4: S intra nid007195 reducescatter 26   295.08 GB/s
0: S world nid006857 allgather     26    91.21 GB/s
0: S world nid006857 allreduce     26    94.49 GB/s
0: S world nid006857 reducescatter 26    91.54 GB/s
0: S intra nid006857 allgather     27   295.12 GB/s
4: S intra nid007195 allgather     27   295.40 GB/s
0: S intra nid006857 allreduce     27   289.46 GB/s
4: S intra nid007195 allreduce     27   302.66 GB/s
0: S intra nid006857 reducescatter 27   291.12 GB/s
4: S intra nid007195 reducescatter 27   292.17 GB/s
0: S world nid006857 allgather     27    91.25 GB/s
0: S world nid006857 allreduce     27    94.54 GB/s
0: S world nid006857 reducescatter 27    91.52 GB/s
0: S intra nid006857 allgather     28   293.04 GB/s
4: S intra nid007195 allgather     28   295.70 GB/s
0: S intra nid006857 allreduce     28   292.66 GB/s
4: S intra nid007195 allreduce     28   289.99 GB/s
0: S intra nid006857 reducescatter 28   290.58 GB/s
4: S intra nid007195 reducescatter 28   295.34 GB/s
0: S world nid006857 allgather     28    91.20 GB/s
0: S world nid006857 allreduce     28    94.23 GB/s
0: S world nid006857 reducescatter 28    91.51 GB/s
0: S intra nid006857 allgather     29   291.04 GB/s
4: S intra nid007195 allgather     29   293.10 GB/s
0: S intra nid006857 allreduce     29   290.47 GB/s
4: S intra nid007195 allreduce     29   301.07 GB/s
0: S intra nid006857 reducescatter 29   286.85 GB/s
4: S intra nid007195 reducescatter 29   293.91 GB/s
0: S world nid006857 allgather     29    91.21 GB/s
0: S world nid006857 allreduce     29    95.42 GB/s
0: S world nid006857 reducescatter 29    91.49 GB/s
0: S intra nid006857 allgather     30   294.37 GB/s
4: S intra nid007195 allgather     30   287.96 GB/s
0: S intra nid006857 allreduce     30   296.11 GB/s
4: S intra nid007195 allreduce     30   299.09 GB/s
0: S intra nid006857 reducescatter 30   292.00 GB/s
4: S intra nid007195 reducescatter 30   290.61 GB/s
0: S world nid006857 allgather     30    64.64 GB/s
0: S world nid006857 allreduce     30    93.70 GB/s
0: S world nid006857 reducescatter 30    91.54 GB/s
0: SUM intra nid006857 allgather     mean  291.27 std  11.43 min  230.79 max  296.57
0: SUM intra nid006857 allreduce     mean  294.64 std   3.75 min  288.03 max  301.79
0: SUM intra nid006857 reducescatter mean  291.01 std   2.13 min  285.62 max  294.64
0: SUM world nid006857 allgather     mean   85.76 std  17.41 min    1.41 max   91.28
0: SUM world nid006857 allreduce     mean   90.65 std  11.31 min   47.03 max   95.42
0: SUM world nid006857 reducescatter mean   90.17 std   5.70 min   60.39 max   91.56
4: SUM intra nid007195 allgather     mean  292.65 std  11.72 min  231.05 max  299.28
4: SUM intra nid007195 allreduce     mean  298.55 std   4.07 min  289.03 max  303.48
4: SUM intra nid007195 reducescatter mean  290.78 std  17.72 min  196.22 max  296.82
RAW_REP_COMPLETE rc=0
DONE: nid[006857,007195]
