=== nodes: nid[006856,007133]  sweeps: 10  burst: 10 ===
0: rank map: ['nid006856:g0', 'nid006856:g1', 'nid006856:g2', 'nid006856:g3', 'nid007133:g0', 'nid007133:g1', 'nid007133:g2', 'nid007133:g3']
0: burst = 10 x 64 MiB back-to-back, one sync; 10 reps
0: /usr/local/lib/python3.12/dist-packages/torch/distributed/c10d_logger.py:83: UserWarning: barrier(): using the device under current context. You can specify `device_id` in `init_process_group` to mute this warning.
0:   return func(*args, **kwargs)
0: /usr/local/lib/python3.12/dist-packages/torch/distributed/c10d_logger.py:83: FutureWarning: `torch.distributed.all_gather_into_tensor` is deprecated. Please use `torch.distributed.all_gather_single` instead.
0:   return func(*args, **kwargs)
3: /usr/local/lib/python3.12/dist-packages/torch/distributed/c10d_logger.py:83: FutureWarning: `torch.distributed.all_gather_into_tensor` is deprecated. Please use `torch.distributed.all_gather_single` instead.
3:   return func(*args, **kwargs)
1: /usr/local/lib/python3.12/dist-packages/torch/distributed/c10d_logger.py:83: FutureWarning: `torch.distributed.all_gather_into_tensor` is deprecated. Please use `torch.distributed.all_gather_single` instead.
1:   return func(*args, **kwargs)
2: /usr/local/lib/python3.12/dist-packages/torch/distributed/c10d_logger.py:83: FutureWarning: `torch.distributed.all_gather_into_tensor` is deprecated. Please use `torch.distributed.all_gather_single` instead.
2:   return func(*args, **kwargs)
0: /usr/local/lib/python3.12/dist-packages/torch/distributed/c10d_logger.py:83: FutureWarning: `torch.distributed.reduce_scatter_tensor` is deprecated. Please use `torch.distributed.reduce_scatter_single` instead.
0:   return func(*args, **kwargs)
1: /usr/local/lib/python3.12/dist-packages/torch/distributed/c10d_logger.py:83: FutureWarning: `torch.distributed.reduce_scatter_tensor` is deprecated. Please use `torch.distributed.reduce_scatter_single` instead.
1:   return func(*args, **kwargs)
3: /usr/local/lib/python3.12/dist-packages/torch/distributed/c10d_logger.py:83: FutureWarning: `torch.distributed.reduce_scatter_tensor` is deprecated. Please use `torch.distributed.reduce_scatter_single` instead.
3:   return func(*args, **kwargs)
2: /usr/local/lib/python3.12/dist-packages/torch/distributed/c10d_logger.py:83: FutureWarning: `torch.distributed.reduce_scatter_tensor` is deprecated. Please use `torch.distributed.reduce_scatter_single` instead.
2:   return func(*args, **kwargs)
5: /usr/local/lib/python3.12/dist-packages/torch/distributed/c10d_logger.py:83: FutureWarning: `torch.distributed.all_gather_into_tensor` is deprecated. Please use `torch.distributed.all_gather_single` instead.
5:   return func(*args, **kwargs)
4: /usr/local/lib/python3.12/dist-packages/torch/distributed/c10d_logger.py:83: FutureWarning: `torch.distributed.all_gather_into_tensor` is deprecated. Please use `torch.distributed.all_gather_single` instead.
4:   return func(*args, **kwargs)
6: /usr/local/lib/python3.12/dist-packages/torch/distributed/c10d_logger.py:83: FutureWarning: `torch.distributed.all_gather_into_tensor` is deprecated. Please use `torch.distributed.all_gather_single` instead.
6:   return func(*args, **kwargs)
7: /usr/local/lib/python3.12/dist-packages/torch/distributed/c10d_logger.py:83: FutureWarning: `torch.distributed.all_gather_into_tensor` is deprecated. Please use `torch.distributed.all_gather_single` instead.
7:   return func(*args, **kwargs)
5: /usr/local/lib/python3.12/dist-packages/torch/distributed/c10d_logger.py:83: FutureWarning: `torch.distributed.reduce_scatter_tensor` is deprecated. Please use `torch.distributed.reduce_scatter_single` instead.
5:   return func(*args, **kwargs)
6: /usr/local/lib/python3.12/dist-packages/torch/distributed/c10d_logger.py:83: FutureWarning: `torch.distributed.reduce_scatter_tensor` is deprecated. Please use `torch.distributed.reduce_scatter_single` instead.
6:   return func(*args, **kwargs)
7: /usr/local/lib/python3.12/dist-packages/torch/distributed/c10d_logger.py:83: FutureWarning: `torch.distributed.reduce_scatter_tensor` is deprecated. Please use `torch.distributed.reduce_scatter_single` instead.
7:   return func(*args, **kwargs)
4: /usr/local/lib/python3.12/dist-packages/torch/distributed/c10d_logger.py:83: FutureWarning: `torch.distributed.reduce_scatter_tensor` is deprecated. Please use `torch.distributed.reduce_scatter_single` instead.
4:   return func(*args, **kwargs)
0: sweep 1/10 done
0: sweep 2/10 done
0: sweep 3/10 done
0: sweep 4/10 done
0: sweep 5/10 done
0: sweep 6/10 done
0: sweep 7/10 done
0: sweep 8/10 done
0: sweep 9/10 done
0: sweep 10/10 done
0: 
0: phase         group              collective      ms mean   ms max  bw mean  bw std   bw min
0: burst         all-node (8)       allgather          6.94     6.95    84.65    0.09    84.48
0: burst         all-node (8)       allreduce         12.44    12.52    94.37    0.31    93.82
0: burst         all-node (8)       reducescatter      6.90     6.92    85.06    0.07    84.89
0: burst         intra nid006856    allgather          1.98     2.25   255.05   10.90   224.19
0: burst         intra nid006856    allreduce          3.38     3.54   297.91    4.74   284.66
0: burst         intra nid006856    reducescatter      1.94     1.95   259.26    0.83   258.38
0: burst         intra nid007133    allgather          1.95     1.97   258.72    1.51   255.26
0: burst         intra nid007133    allreduce          3.35     3.38   300.21    1.75   297.41
0: burst         intra nid007133    reducescatter      1.94     1.95   259.56    1.47   257.68
0: simultaneous  intra nid006856    allgather          1.95     1.98   258.41    1.68   254.04
0: simultaneous  intra nid006856    allreduce          3.38     3.42   297.86    1.45   294.24
0: simultaneous  intra nid006856    reducescatter      1.96     1.97   257.39    1.11   256.03
0: simultaneous  intra nid007133    allgather          1.94     1.95   259.11    0.59   257.88
0: simultaneous  intra nid007133    allreduce          3.36     3.38   299.90    1.13   297.98
0: simultaneous  intra nid007133    reducescatter      1.94     1.96   259.05    1.21   257.45
0: 
0: flagged metrics (all busbw samples):
0:   none
0: BURST_REP_COMPLETE
DONE: nid[006856,007133]
