=== nodes: nid[006857,007162]  sweeps: 10  burst: 10 ===
0: rank map: ['nid006857:g0', 'nid006857:g1', 'nid006857:g2', 'nid006857:g3', 'nid007162:g0', 'nid007162:g1', 'nid007162:g2', 'nid007162:g3']
0: burst = 10 x 64 MiB back-to-back, one sync; 10 reps
0: /usr/local/lib/python3.12/dist-packages/torch/distributed/c10d_logger.py:83: UserWarning: barrier(): using the device under current context. You can specify `device_id` in `init_process_group` to mute this warning.
0:   return func(*args, **kwargs)
0: /usr/local/lib/python3.12/dist-packages/torch/distributed/c10d_logger.py:83: FutureWarning: `torch.distributed.all_gather_into_tensor` is deprecated. Please use `torch.distributed.all_gather_single` instead.
0:   return func(*args, **kwargs)
3: /usr/local/lib/python3.12/dist-packages/torch/distributed/c10d_logger.py:83: FutureWarning: `torch.distributed.all_gather_into_tensor` is deprecated. Please use `torch.distributed.all_gather_single` instead.
3:   return func(*args, **kwargs)
1: /usr/local/lib/python3.12/dist-packages/torch/distributed/c10d_logger.py:83: FutureWarning: `torch.distributed.all_gather_into_tensor` is deprecated. Please use `torch.distributed.all_gather_single` instead.
1:   return func(*args, **kwargs)
2: /usr/local/lib/python3.12/dist-packages/torch/distributed/c10d_logger.py:83: FutureWarning: `torch.distributed.all_gather_into_tensor` is deprecated. Please use `torch.distributed.all_gather_single` instead.
2:   return func(*args, **kwargs)
0: /usr/local/lib/python3.12/dist-packages/torch/distributed/c10d_logger.py:83: FutureWarning: `torch.distributed.reduce_scatter_tensor` is deprecated. Please use `torch.distributed.reduce_scatter_single` instead.
0:   return func(*args, **kwargs)
1: /usr/local/lib/python3.12/dist-packages/torch/distributed/c10d_logger.py:83: FutureWarning: `torch.distributed.reduce_scatter_tensor` is deprecated. Please use `torch.distributed.reduce_scatter_single` instead.
1:   return func(*args, **kwargs)
2: /usr/local/lib/python3.12/dist-packages/torch/distributed/c10d_logger.py:83: FutureWarning: `torch.distributed.reduce_scatter_tensor` is deprecated. Please use `torch.distributed.reduce_scatter_single` instead.
2:   return func(*args, **kwargs)
3: /usr/local/lib/python3.12/dist-packages/torch/distributed/c10d_logger.py:83: FutureWarning: `torch.distributed.reduce_scatter_tensor` is deprecated. Please use `torch.distributed.reduce_scatter_single` instead.
3:   return func(*args, **kwargs)
4: /usr/local/lib/python3.12/dist-packages/torch/distributed/c10d_logger.py:83: FutureWarning: `torch.distributed.all_gather_into_tensor` is deprecated. Please use `torch.distributed.all_gather_single` instead.
4:   return func(*args, **kwargs)
5: /usr/local/lib/python3.12/dist-packages/torch/distributed/c10d_logger.py:83: FutureWarning: `torch.distributed.all_gather_into_tensor` is deprecated. Please use `torch.distributed.all_gather_single` instead.
5:   return func(*args, **kwargs)
6: /usr/local/lib/python3.12/dist-packages/torch/distributed/c10d_logger.py:83: FutureWarning: `torch.distributed.all_gather_into_tensor` is deprecated. Please use `torch.distributed.all_gather_single` instead.
6:   return func(*args, **kwargs)
7: /usr/local/lib/python3.12/dist-packages/torch/distributed/c10d_logger.py:83: FutureWarning: `torch.distributed.all_gather_into_tensor` is deprecated. Please use `torch.distributed.all_gather_single` instead.
7:   return func(*args, **kwargs)
4: /usr/local/lib/python3.12/dist-packages/torch/distributed/c10d_logger.py:83: FutureWarning: `torch.distributed.reduce_scatter_tensor` is deprecated. Please use `torch.distributed.reduce_scatter_single` instead.
4:   return func(*args, **kwargs)
5: /usr/local/lib/python3.12/dist-packages/torch/distributed/c10d_logger.py:83: FutureWarning: `torch.distributed.reduce_scatter_tensor` is deprecated. Please use `torch.distributed.reduce_scatter_single` instead.
5:   return func(*args, **kwargs)
6: /usr/local/lib/python3.12/dist-packages/torch/distributed/c10d_logger.py:83: FutureWarning: `torch.distributed.reduce_scatter_tensor` is deprecated. Please use `torch.distributed.reduce_scatter_single` instead.
6:   return func(*args, **kwargs)
7: /usr/local/lib/python3.12/dist-packages/torch/distributed/c10d_logger.py:83: FutureWarning: `torch.distributed.reduce_scatter_tensor` is deprecated. Please use `torch.distributed.reduce_scatter_single` instead.
7:   return func(*args, **kwargs)
0: sweep 1/10 done
0: sweep 2/10 done
0: sweep 3/10 done
0: sweep 4/10 done
0: sweep 5/10 done
0: sweep 6/10 done
0: sweep 7/10 done
0: sweep 8/10 done
0: sweep 9/10 done
0: sweep 10/10 done
0: 
0: phase         group              collective      ms mean   ms max  bw mean  bw std   bw min
0: burst         all-node (8)       allgather          7.00     7.01    83.90    0.13    83.77
0: burst         all-node (8)       allreduce         14.70    19.37    82.38   14.39    60.61  <-- FLAG
0: burst         all-node (8)       reducescatter      7.24     9.24    81.75    6.71    63.54  <-- FLAG
0: burst         intra nid006857    allgather          1.96     1.96   257.10    0.61   256.26
0: burst         intra nid006857    allreduce          3.50     3.64   287.82    4.49   276.19
0: burst         intra nid006857    reducescatter      1.99     2.01   252.48    1.38   249.87
0: burst         intra nid007162    allgather          3.10    13.19   232.75   68.75    38.15  <-- FLAG
0: burst         intra nid007162    allreduce          3.55     4.71   286.76   27.11   213.82  <-- FLAG
0: burst         intra nid007162    reducescatter      2.05     2.97   249.55   28.18   169.44  <-- FLAG
0: simultaneous  intra nid006857    allgather          1.96     1.97   256.73    0.99   255.34
0: simultaneous  intra nid006857    allreduce          3.48     3.52   288.95    1.41   285.98
0: simultaneous  intra nid006857    reducescatter      1.99     2.00   253.56    0.78   251.95
0: simultaneous  intra nid007162    allgather          1.96     1.97   256.95    1.26   255.27
0: simultaneous  intra nid007162    allreduce          3.41     3.64   295.14    6.88   276.17
0: simultaneous  intra nid007162    reducescatter      2.02     2.61   250.45   20.22   193.00  <-- FLAG
0: 
0: flagged metrics (all busbw samples):
0:   burst/all-node (8)/allreduce: 94.2 63.6 60.6 87.7 93.7 94.1 66.6 95.8 93.1 74.5
0:   burst/all-node (8)/reducescatter: 78.1 84.5 84.5 84.5 84.6 84.1 84.4 84.4 84.8 63.5
0:   burst/intra nid007162/allgather: 258.6 38.1 256.5 258.0 254.7 255.1 234.6 256.7 256.3 259.0
0:   burst/intra nid007162/allreduce: 297.3 270.0 297.9 299.7 297.8 298.7 213.8 297.8 296.7 297.8
0:   burst/intra nid007162/reducescatter: 258.3 257.5 169.4 258.9 256.2 259.9 256.9 258.1 259.5 260.7
0:   simultaneous/intra nid007162/reducescatter: 193.0 255.7 258.1 255.9 258.2 256.2 255.9 255.3 258.5 257.6
0: BURST_REP_COMPLETE
DONE: nid[006857,007162]
