=== nodes: nid[006856,007420]  sweeps: 10  burst: 10 ===
0: rank map: ['nid006856:g0', 'nid006856:g1', 'nid006856:g2', 'nid006856:g3', 'nid007420:g0', 'nid007420:g1', 'nid007420:g2', 'nid007420:g3']
0: burst = 10 x 64 MiB back-to-back, one sync; 10 reps
0: /usr/local/lib/python3.12/dist-packages/torch/distributed/c10d_logger.py:83: UserWarning: barrier(): using the device under current context. You can specify `device_id` in `init_process_group` to mute this warning.
0:   return func(*args, **kwargs)
0: /usr/local/lib/python3.12/dist-packages/torch/distributed/c10d_logger.py:83: FutureWarning: `torch.distributed.all_gather_into_tensor` is deprecated. Please use `torch.distributed.all_gather_single` instead.
0:   return func(*args, **kwargs)
3: /usr/local/lib/python3.12/dist-packages/torch/distributed/c10d_logger.py:83: FutureWarning: `torch.distributed.all_gather_into_tensor` is deprecated. Please use `torch.distributed.all_gather_single` instead.
3:   return func(*args, **kwargs)
1: /usr/local/lib/python3.12/dist-packages/torch/distributed/c10d_logger.py:83: FutureWarning: `torch.distributed.all_gather_into_tensor` is deprecated. Please use `torch.distributed.all_gather_single` instead.
1:   return func(*args, **kwargs)
2: /usr/local/lib/python3.12/dist-packages/torch/distributed/c10d_logger.py:83: FutureWarning: `torch.distributed.all_gather_into_tensor` is deprecated. Please use `torch.distributed.all_gather_single` instead.
2:   return func(*args, **kwargs)
0: /usr/local/lib/python3.12/dist-packages/torch/distributed/c10d_logger.py:83: FutureWarning: `torch.distributed.reduce_scatter_tensor` is deprecated. Please use `torch.distributed.reduce_scatter_single` instead.
0:   return func(*args, **kwargs)
3: /usr/local/lib/python3.12/dist-packages/torch/distributed/c10d_logger.py:83: FutureWarning: `torch.distributed.reduce_scatter_tensor` is deprecated. Please use `torch.distributed.reduce_scatter_single` instead.
3:   return func(*args, **kwargs)
2: /usr/local/lib/python3.12/dist-packages/torch/distributed/c10d_logger.py:83: FutureWarning: `torch.distributed.reduce_scatter_tensor` is deprecated. Please use `torch.distributed.reduce_scatter_single` instead.
2:   return func(*args, **kwargs)
1: /usr/local/lib/python3.12/dist-packages/torch/distributed/c10d_logger.py:83: FutureWarning: `torch.distributed.reduce_scatter_tensor` is deprecated. Please use `torch.distributed.reduce_scatter_single` instead.
1:   return func(*args, **kwargs)
6: /usr/local/lib/python3.12/dist-packages/torch/distributed/c10d_logger.py:83: FutureWarning: `torch.distributed.all_gather_into_tensor` is deprecated. Please use `torch.distributed.all_gather_single` instead.
6:   return func(*args, **kwargs)
7: /usr/local/lib/python3.12/dist-packages/torch/distributed/c10d_logger.py:83: FutureWarning: `torch.distributed.all_gather_into_tensor` is deprecated. Please use `torch.distributed.all_gather_single` instead.
7:   return func(*args, **kwargs)
4: /usr/local/lib/python3.12/dist-packages/torch/distributed/c10d_logger.py:83: FutureWarning: `torch.distributed.all_gather_into_tensor` is deprecated. Please use `torch.distributed.all_gather_single` instead.
4:   return func(*args, **kwargs)
5: /usr/local/lib/python3.12/dist-packages/torch/distributed/c10d_logger.py:83: FutureWarning: `torch.distributed.all_gather_into_tensor` is deprecated. Please use `torch.distributed.all_gather_single` instead.
5:   return func(*args, **kwargs)
4: /usr/local/lib/python3.12/dist-packages/torch/distributed/c10d_logger.py:83: FutureWarning: `torch.distributed.reduce_scatter_tensor` is deprecated. Please use `torch.distributed.reduce_scatter_single` instead.
4:   return func(*args, **kwargs)
5: /usr/local/lib/python3.12/dist-packages/torch/distributed/c10d_logger.py:83: FutureWarning: `torch.distributed.reduce_scatter_tensor` is deprecated. Please use `torch.distributed.reduce_scatter_single` instead.
5:   return func(*args, **kwargs)
6: /usr/local/lib/python3.12/dist-packages/torch/distributed/c10d_logger.py:83: FutureWarning: `torch.distributed.reduce_scatter_tensor` is deprecated. Please use `torch.distributed.reduce_scatter_single` instead.
6:   return func(*args, **kwargs)
7: /usr/local/lib/python3.12/dist-packages/torch/distributed/c10d_logger.py:83: FutureWarning: `torch.distributed.reduce_scatter_tensor` is deprecated. Please use `torch.distributed.reduce_scatter_single` instead.
7:   return func(*args, **kwargs)
0: sweep 1/10 done
0: sweep 2/10 done
0: sweep 3/10 done
0: sweep 4/10 done
0: sweep 5/10 done
0: sweep 6/10 done
0: sweep 7/10 done
0: sweep 8/10 done
0: sweep 9/10 done
0: sweep 10/10 done
0: 
0: phase         group              collective      ms mean   ms max  bw mean  bw std   bw min
0: burst         all-node (8)       allgather          6.94     6.95    84.63    0.06    84.54
0: burst         all-node (8)       allreduce         12.24    12.26    95.98    0.25    95.76
0: burst         all-node (8)       reducescatter      6.90     6.91    85.12    0.08    84.99
0: burst         intra nid006856    allgather          1.94     1.95   259.18    1.31   257.49
0: burst         intra nid006856    allreduce          3.36     3.51   299.22    4.61   286.53
0: burst         intra nid006856    reducescatter      1.95     2.08   258.72    5.87   242.27
0: burst         intra nid007420    allgather          2.19     4.35   243.77   45.01   115.70  <-- FLAG
0: burst         intra nid007420    allreduce          3.42     3.44   294.31    1.21   292.80
0: burst         intra nid007420    reducescatter      2.00     2.33   252.35   12.68   216.41
0: simultaneous  intra nid006856    allgather          1.94     1.95   259.88    0.94   257.80
0: simultaneous  intra nid006856    allreduce          3.36     3.40   299.46    2.01   295.84
0: simultaneous  intra nid006856    reducescatter      2.07     3.20   248.66   32.04   157.53  <-- FLAG
0: simultaneous  intra nid007420    allgather          1.95     1.96   258.03    1.35   256.22
0: simultaneous  intra nid007420    allreduce          3.42     3.46   294.36    1.87   290.72
0: simultaneous  intra nid007420    reducescatter      1.96     1.98   256.25    1.18   254.25
0: 
0: flagged metrics (all busbw samples):
0:   burst/intra nid007420/allgather: 115.7 256.9 259.6 257.7 258.2 258.4 258.5 256.0 258.4 258.2
0:   simultaneous/intra nid006856/reducescatter: 157.5 260.1 258.3 258.1 259.8 257.7 259.7 259.9 258.0 257.6
0: BURST_REP_COMPLETE
DONE: nid[006856,007420]
