nodes : nid[006856,007133]
sweeps: 30 x 64 MiB
0: raw NCCL probe: 8 ranks (4/node), 64 MiB/rank, 30 sweeps
0: S intra nid006856 allgather      1   239.76 GB/s
0: S intra nid006856 allreduce      1   300.69 GB/s
0: S intra nid006856 reducescatter  1   292.43 GB/s
4: S intra nid007133 allgather      1   247.02 GB/s
4: S intra nid007133 allreduce      1   295.58 GB/s
4: S intra nid007133 reducescatter  1   294.32 GB/s
0: S world nid006856 allgather      1     2.07 GB/s
0: S world nid006856 allreduce      1    87.05 GB/s
0: S world nid006856 reducescatter  1    91.31 GB/s
0: S intra nid006856 allgather      2   291.29 GB/s
4: S intra nid007133 allgather      2   289.78 GB/s
0: S intra nid006856 allreduce      2   302.13 GB/s
4: S intra nid007133 allreduce      2   295.80 GB/s
0: S intra nid006856 reducescatter  2   294.24 GB/s
4: S intra nid007133 reducescatter  2   296.34 GB/s
0: S world nid006856 allgather      2    91.17 GB/s
0: S world nid006856 allreduce      2    92.19 GB/s
0: S world nid006856 reducescatter  2    91.45 GB/s
4: S intra nid007133 allgather      3   295.08 GB/s
4: S intra nid007133 allreduce      3   298.07 GB/s
4: S intra nid007133 reducescatter  3   293.48 GB/s
0: S intra nid006856 allgather      3    83.22 GB/s
0: S intra nid006856 allreduce      3   296.69 GB/s
0: S intra nid006856 reducescatter  3   294.10 GB/s
0: S world nid006856 allgather      3    91.21 GB/s
0: S world nid006856 allreduce      3    95.03 GB/s
0: S world nid006856 reducescatter  3    91.44 GB/s
0: S intra nid006856 allgather      4   291.10 GB/s
4: S intra nid007133 allgather      4   292.32 GB/s
0: S intra nid006856 allreduce      4   303.53 GB/s
4: S intra nid007133 allreduce      4   299.86 GB/s
0: S intra nid006856 reducescatter  4   296.79 GB/s
4: S intra nid007133 reducescatter  4   296.78 GB/s
0: S world nid006856 allgather      4    91.26 GB/s
0: S world nid006856 allreduce      4    94.07 GB/s
0: S world nid006856 reducescatter  4    91.48 GB/s
0: S intra nid006856 allgather      5   293.81 GB/s
4: S intra nid007133 allgather      5   293.82 GB/s
0: S intra nid006856 allreduce      5   301.18 GB/s
4: S intra nid007133 allreduce      5   302.25 GB/s
0: S intra nid006856 reducescatter  5   293.89 GB/s
4: S intra nid007133 reducescatter  5   295.42 GB/s
0: S world nid006856 allgather      5    91.26 GB/s
0: S world nid006856 allreduce      5    94.20 GB/s
0: S world nid006856 reducescatter  5    91.49 GB/s
0: S intra nid006856 allgather      6   296.85 GB/s
4: S intra nid007133 allgather      6   292.66 GB/s
0: S intra nid006856 allreduce      6   304.00 GB/s
4: S intra nid007133 allreduce      6   303.15 GB/s
0: S intra nid006856 reducescatter  6   293.69 GB/s
4: S intra nid007133 reducescatter  6   294.61 GB/s
0: S world nid006856 allgather      6    91.27 GB/s
0: S world nid006856 allreduce      6    93.53 GB/s
0: S world nid006856 reducescatter  6    91.44 GB/s
0: S intra nid006856 allgather      7   293.29 GB/s
4: S intra nid007133 allgather      7   295.67 GB/s
0: S intra nid006856 allreduce      7   301.87 GB/s
4: S intra nid007133 allreduce      7   308.14 GB/s
0: S intra nid006856 reducescatter  7   293.92 GB/s
4: S intra nid007133 reducescatter  7   294.99 GB/s
0: S world nid006856 allgather      7    91.29 GB/s
0: S world nid006856 allreduce      7    94.10 GB/s
0: S world nid006856 reducescatter  7    91.46 GB/s
0: S intra nid006856 allgather      8   296.90 GB/s
4: S intra nid007133 allgather      8   297.62 GB/s
0: S intra nid006856 allreduce      8   307.66 GB/s
4: S intra nid007133 allreduce      8   299.66 GB/s
0: S intra nid006856 reducescatter  8   295.90 GB/s
4: S intra nid007133 reducescatter  8   295.98 GB/s
0: S world nid006856 allgather      8    91.23 GB/s
0: S world nid006856 allreduce      8    94.93 GB/s
0: S world nid006856 reducescatter  8    91.46 GB/s
0: S intra nid006856 allgather      9   293.84 GB/s
4: S intra nid007133 allgather      9   297.03 GB/s
0: S intra nid006856 allreduce      9   300.49 GB/s
4: S intra nid007133 allreduce      9   305.03 GB/s
0: S intra nid006856 reducescatter  9   292.47 GB/s
4: S intra nid007133 reducescatter  9   292.89 GB/s
0: S world nid006856 allgather      9    91.26 GB/s
0: S world nid006856 allreduce      9    95.55 GB/s
0: S world nid006856 reducescatter  9    91.48 GB/s
0: S intra nid006856 allgather     10   296.59 GB/s
4: S intra nid007133 allgather     10   291.27 GB/s
0: S intra nid006856 allreduce     10   303.45 GB/s
4: S intra nid007133 allreduce     10   304.41 GB/s
0: S intra nid006856 reducescatter 10   295.62 GB/s
4: S intra nid007133 reducescatter 10   294.35 GB/s
0: S world nid006856 allgather     10    91.27 GB/s
0: S world nid006856 allreduce     10    94.66 GB/s
0: S world nid006856 reducescatter 10    91.47 GB/s
0: S intra nid006856 allgather     11   292.00 GB/s
4: S intra nid007133 allgather     11   295.74 GB/s
0: S intra nid006856 allreduce     11   300.29 GB/s
4: S intra nid007133 allreduce     11   302.60 GB/s
0: S intra nid006856 reducescatter 11   292.23 GB/s
4: S intra nid007133 reducescatter 11   294.30 GB/s
0: S world nid006856 allgather     11    91.19 GB/s
0: S world nid006856 allreduce     11    95.15 GB/s
0: S world nid006856 reducescatter 11    91.48 GB/s
0: S intra nid006856 allgather     12   293.84 GB/s
4: S intra nid007133 allgather     12   291.73 GB/s
0: S intra nid006856 allreduce     12   292.58 GB/s
4: S intra nid007133 allreduce     12   301.82 GB/s
0: S intra nid006856 reducescatter 12   298.47 GB/s
4: S intra nid007133 reducescatter 12   294.86 GB/s
0: S world nid006856 allgather     12    91.22 GB/s
0: S world nid006856 allreduce     12    95.05 GB/s
0: S world nid006856 reducescatter 12    91.46 GB/s
0: S intra nid006856 allgather     13   292.62 GB/s
4: S intra nid007133 allgather     13   298.41 GB/s
0: S intra nid006856 allreduce     13   301.15 GB/s
4: S intra nid007133 allreduce     13   299.49 GB/s
0: S intra nid006856 reducescatter 13   293.43 GB/s
4: S intra nid007133 reducescatter 13   293.78 GB/s
0: S world nid006856 allgather     13    91.19 GB/s
0: S world nid006856 allreduce     13    94.02 GB/s
0: S world nid006856 reducescatter 13    91.49 GB/s
0: S intra nid006856 allgather     14   291.79 GB/s
4: S intra nid007133 allgather     14   291.89 GB/s
0: S intra nid006856 allreduce     14   297.45 GB/s
4: S intra nid007133 allreduce     14   303.30 GB/s
0: S intra nid006856 reducescatter 14   292.39 GB/s
4: S intra nid007133 reducescatter 14   294.33 GB/s
0: S world nid006856 allgather     14    91.25 GB/s
0: S world nid006856 allreduce     14    94.59 GB/s
0: S world nid006856 reducescatter 14    91.49 GB/s
0: S intra nid006856 allgather     15   293.26 GB/s
4: S intra nid007133 allgather     15   291.91 GB/s
0: S intra nid006856 allreduce     15   301.82 GB/s
4: S intra nid007133 allreduce     15   303.27 GB/s
0: S intra nid006856 reducescatter 15   296.41 GB/s
4: S intra nid007133 reducescatter 15   296.08 GB/s
0: S world nid006856 allgather     15    91.20 GB/s
0: S world nid006856 allreduce     15    95.66 GB/s
0: S world nid006856 reducescatter 15    91.43 GB/s
0: S intra nid006856 allgather     16   296.82 GB/s
4: S intra nid007133 allgather     16   294.02 GB/s
0: S intra nid006856 allreduce     16   304.71 GB/s
4: S intra nid007133 allreduce     16   304.21 GB/s
0: S intra nid006856 reducescatter 16   298.85 GB/s
4: S intra nid007133 reducescatter 16   297.82 GB/s
0: S world nid006856 allgather     16    91.25 GB/s
0: S world nid006856 allreduce     16    95.13 GB/s
0: S world nid006856 reducescatter 16    91.49 GB/s
0: S intra nid006856 allgather     17   295.62 GB/s
4: S intra nid007133 allgather     17   297.89 GB/s
0: S intra nid006856 allreduce     17   302.42 GB/s
4: S intra nid007133 allreduce     17   300.72 GB/s
0: S intra nid006856 reducescatter 17   298.34 GB/s
4: S intra nid007133 reducescatter 17   294.39 GB/s
0: S world nid006856 allgather     17    91.25 GB/s
0: S world nid006856 allreduce     17    94.55 GB/s
0: S world nid006856 reducescatter 17    91.47 GB/s
0: S intra nid006856 allgather     18   293.99 GB/s
4: S intra nid007133 allgather     18   293.65 GB/s
0: S intra nid006856 allreduce     18   305.48 GB/s
4: S intra nid007133 allreduce     18   299.83 GB/s
0: S intra nid006856 reducescatter 18   297.91 GB/s
4: S intra nid007133 reducescatter 18   297.87 GB/s
0: S world nid006856 allgather     18    91.17 GB/s
0: S world nid006856 allreduce     18    94.51 GB/s
0: S world nid006856 reducescatter 18    91.45 GB/s
0: S intra nid006856 allgather     19   296.79 GB/s
4: S intra nid007133 allgather     19   296.73 GB/s
0: S intra nid006856 allreduce     19   300.69 GB/s
4: S intra nid007133 allreduce     19   306.55 GB/s
0: S intra nid006856 reducescatter 19   295.24 GB/s
4: S intra nid007133 reducescatter 19   295.63 GB/s
0: S world nid006856 allgather     19    91.23 GB/s
0: S world nid006856 allreduce     19    94.28 GB/s
0: S world nid006856 reducescatter 19    91.50 GB/s
0: S intra nid006856 allgather     20   291.71 GB/s
4: S intra nid007133 allgather     20   295.49 GB/s
0: S intra nid006856 allreduce     20   304.12 GB/s
4: S intra nid007133 allreduce     20   303.97 GB/s
0: S intra nid006856 reducescatter 20   294.06 GB/s
4: S intra nid007133 reducescatter 20   297.29 GB/s
0: S world nid006856 allgather     20    91.25 GB/s
0: S world nid006856 allreduce     20    94.54 GB/s
0: S world nid006856 reducescatter 20    91.52 GB/s
0: S intra nid006856 allgather     21   298.48 GB/s
4: S intra nid007133 allgather     21   298.49 GB/s
0: S intra nid006856 allreduce     21   302.74 GB/s
4: S intra nid007133 allreduce     21   301.01 GB/s
0: S intra nid006856 reducescatter 21   292.96 GB/s
4: S intra nid007133 reducescatter 21   293.97 GB/s
0: S world nid006856 allgather     21    91.24 GB/s
0: S world nid006856 allreduce     21    94.21 GB/s
0: S world nid006856 reducescatter 21    91.53 GB/s
0: S intra nid006856 allgather     22   295.47 GB/s
4: S intra nid007133 allgather     22   292.57 GB/s
0: S intra nid006856 allreduce     22   294.50 GB/s
4: S intra nid007133 allreduce     22   300.17 GB/s
0: S intra nid006856 reducescatter 22   294.32 GB/s
4: S intra nid007133 reducescatter 22   296.90 GB/s
0: S world nid006856 allgather     22    91.14 GB/s
0: S world nid006856 allreduce     22    94.72 GB/s
0: S world nid006856 reducescatter 22    91.46 GB/s
0: S intra nid006856 allgather     23   295.11 GB/s
4: S intra nid007133 allgather     23   295.23 GB/s
0: S intra nid006856 allreduce     23   308.14 GB/s
4: S intra nid007133 allreduce     23   303.56 GB/s
0: S intra nid006856 reducescatter 23   294.39 GB/s
4: S intra nid007133 reducescatter 23   299.52 GB/s
0: S world nid006856 allgather     23    91.21 GB/s
0: S world nid006856 allreduce     23    93.55 GB/s
0: S world nid006856 reducescatter 23    91.53 GB/s
0: S intra nid006856 allgather     24   291.81 GB/s
4: S intra nid007133 allgather     24   296.26 GB/s
0: S intra nid006856 allreduce     24   299.63 GB/s
4: S intra nid007133 allreduce     24   301.90 GB/s
0: S intra nid006856 reducescatter 24   295.09 GB/s
4: S intra nid007133 reducescatter 24   295.11 GB/s
0: S world nid006856 allgather     24    91.23 GB/s
0: S world nid006856 allreduce     24    94.83 GB/s
0: S world nid006856 reducescatter 24    91.45 GB/s
0: S intra nid006856 allgather     25   292.25 GB/s
4: S intra nid007133 allgather     25   295.16 GB/s
0: S intra nid006856 allreduce     25   302.08 GB/s
4: S intra nid007133 allreduce     25   301.27 GB/s
0: S intra nid006856 reducescatter 25   294.59 GB/s
4: S intra nid007133 reducescatter 25   295.92 GB/s
0: S world nid006856 allgather     25    91.27 GB/s
0: S world nid006856 allreduce     25    94.16 GB/s
0: S world nid006856 reducescatter 25    91.51 GB/s
0: S intra nid006856 allgather     26   295.45 GB/s
4: S intra nid007133 allgather     26   293.67 GB/s
0: S intra nid006856 allreduce     26   301.50 GB/s
4: S intra nid007133 allreduce     26   297.00 GB/s
0: S intra nid006856 reducescatter 26   294.68 GB/s
4: S intra nid007133 reducescatter 26   295.79 GB/s
0: S world nid006856 allgather     26    91.22 GB/s
0: S world nid006856 allreduce     26    94.81 GB/s
0: S world nid006856 reducescatter 26    91.51 GB/s
0: S intra nid006856 allgather     27   291.16 GB/s
4: S intra nid007133 allgather     27   296.01 GB/s
0: S intra nid006856 allreduce     27   292.61 GB/s
4: S intra nid007133 allreduce     27   305.69 GB/s
0: S intra nid006856 reducescatter 27   296.04 GB/s
4: S intra nid007133 reducescatter 27   294.77 GB/s
0: S world nid006856 allgather     27    91.22 GB/s
0: S world nid006856 allreduce     27    95.91 GB/s
0: S world nid006856 reducescatter 27    91.47 GB/s
0: S intra nid006856 allgather     28   297.22 GB/s
4: S intra nid007133 allgather     28   296.51 GB/s
0: S intra nid006856 allreduce     28   304.89 GB/s
4: S intra nid007133 allreduce     28   306.40 GB/s
0: S intra nid006856 reducescatter 28   296.22 GB/s
4: S intra nid007133 reducescatter 28   296.72 GB/s
0: S world nid006856 allgather     28    91.21 GB/s
0: S world nid006856 allreduce     28    94.77 GB/s
0: S world nid006856 reducescatter 28    91.50 GB/s
0: S intra nid006856 allgather     29   292.50 GB/s
4: S intra nid007133 allgather     29   292.69 GB/s
0: S intra nid006856 allreduce     29   299.35 GB/s
4: S intra nid007133 allreduce     29   300.72 GB/s
0: S intra nid006856 reducescatter 29   295.47 GB/s
4: S intra nid007133 reducescatter 29   295.06 GB/s
0: S world nid006856 allgather     29    91.27 GB/s
0: S world nid006856 allreduce     29    95.10 GB/s
0: S world nid006856 reducescatter 29    91.41 GB/s
0: S intra nid006856 allgather     30   295.22 GB/s
4: S intra nid007133 allgather     30   295.56 GB/s
0: S intra nid006856 allreduce     30   295.24 GB/s
4: S intra nid007133 allreduce     30   302.22 GB/s
0: S intra nid006856 reducescatter 30   293.89 GB/s
4: S intra nid007133 reducescatter 30   296.85 GB/s
0: S world nid006856 allgather     30    91.26 GB/s
0: S world nid006856 allreduce     30    92.97 GB/s
0: S world nid006856 reducescatter 30    91.49 GB/s
0: SUM intra nid006856 allgather     mean  285.33 std  38.83 min   83.22 max  298.48
0: SUM intra nid006856 allreduce     mean  301.10 std   3.82 min  292.58 max  308.14
0: SUM intra nid006856 reducescatter mean  294.93 std   1.81 min  292.23 max  298.85
0: SUM world nid006856 allgather     mean   88.26 std  16.01 min    2.07 max   91.29
0: SUM world nid006856 allreduce     mean   94.26 std   1.54 min   87.05 max   95.91
0: SUM world nid006856 reducescatter mean   91.47 std   0.04 min   91.31 max   91.53
4: SUM intra nid007133 allgather     mean  293.06 std   8.84 min  247.02 max  298.49
4: SUM intra nid007133 allreduce     mean  301.92 std   3.01 min  295.58 max  308.14
4: SUM intra nid007133 reducescatter mean  295.54 std   1.46 min  292.89 max  299.52
RAW_REP_COMPLETE rc=0
DONE: nid[006856,007133]
